###############################################################################
#
# IAR ELF Linker V8.40.1.212/W32 for ARM                  23/Feb/2024  14:26:30
# Copyright 2007-2019 IAR Systems AB.
#
#    Output file  =
#        C:\Users\Latifa\Documents\embarqueetp0\EWARM\embarqueetp0\Exe\embarqueetp0.out
#    Map file     =
#        C:\Users\Latifa\Documents\embarqueetp0\EWARM\embarqueetp0\List\embarqueetp0.map
#    Command line =
#        -f C:\Users\Latifa\AppData\Local\Temp\EWDE8A.tmp
#        (C:\Users\Latifa\Documents\embarqueetp0\EWARM\embarqueetp0\Obj\main.o
#        C:\Users\Latifa\Documents\embarqueetp0\EWARM\embarqueetp0\Obj\startup_stm32l475xx.o
#        C:\Users\Latifa\Documents\embarqueetp0\EWARM\embarqueetp0\Obj\stm32l4xx_hal.o
#        C:\Users\Latifa\Documents\embarqueetp0\EWARM\embarqueetp0\Obj\stm32l4xx_hal_cortex.o
#        C:\Users\Latifa\Documents\embarqueetp0\EWARM\embarqueetp0\Obj\stm32l4xx_hal_dfsdm.o
#        C:\Users\Latifa\Documents\embarqueetp0\EWARM\embarqueetp0\Obj\stm32l4xx_hal_dma.o
#        C:\Users\Latifa\Documents\embarqueetp0\EWARM\embarqueetp0\Obj\stm32l4xx_hal_dma_ex.o
#        C:\Users\Latifa\Documents\embarqueetp0\EWARM\embarqueetp0\Obj\stm32l4xx_hal_exti.o
#        C:\Users\Latifa\Documents\embarqueetp0\EWARM\embarqueetp0\Obj\stm32l4xx_hal_flash.o
#        C:\Users\Latifa\Documents\embarqueetp0\EWARM\embarqueetp0\Obj\stm32l4xx_hal_flash_ex.o
#        C:\Users\Latifa\Documents\embarqueetp0\EWARM\embarqueetp0\Obj\stm32l4xx_hal_flash_ramfunc.o
#        C:\Users\Latifa\Documents\embarqueetp0\EWARM\embarqueetp0\Obj\stm32l4xx_hal_gpio.o
#        C:\Users\Latifa\Documents\embarqueetp0\EWARM\embarqueetp0\Obj\stm32l4xx_hal_i2c.o
#        C:\Users\Latifa\Documents\embarqueetp0\EWARM\embarqueetp0\Obj\stm32l4xx_hal_i2c_ex.o
#        C:\Users\Latifa\Documents\embarqueetp0\EWARM\embarqueetp0\Obj\stm32l4xx_hal_msp.o
#        C:\Users\Latifa\Documents\embarqueetp0\EWARM\embarqueetp0\Obj\stm32l4xx_hal_pcd.o
#        C:\Users\Latifa\Documents\embarqueetp0\EWARM\embarqueetp0\Obj\stm32l4xx_hal_pcd_ex.o
#        C:\Users\Latifa\Documents\embarqueetp0\EWARM\embarqueetp0\Obj\stm32l4xx_hal_pwr.o
#        C:\Users\Latifa\Documents\embarqueetp0\EWARM\embarqueetp0\Obj\stm32l4xx_hal_pwr_ex.o
#        C:\Users\Latifa\Documents\embarqueetp0\EWARM\embarqueetp0\Obj\stm32l4xx_hal_qspi.o
#        C:\Users\Latifa\Documents\embarqueetp0\EWARM\embarqueetp0\Obj\stm32l4xx_hal_rcc.o
#        C:\Users\Latifa\Documents\embarqueetp0\EWARM\embarqueetp0\Obj\stm32l4xx_hal_rcc_ex.o
#        C:\Users\Latifa\Documents\embarqueetp0\EWARM\embarqueetp0\Obj\stm32l4xx_hal_spi.o
#        C:\Users\Latifa\Documents\embarqueetp0\EWARM\embarqueetp0\Obj\stm32l4xx_hal_spi_ex.o
#        C:\Users\Latifa\Documents\embarqueetp0\EWARM\embarqueetp0\Obj\stm32l4xx_hal_tim.o
#        C:\Users\Latifa\Documents\embarqueetp0\EWARM\embarqueetp0\Obj\stm32l4xx_hal_tim_ex.o
#        C:\Users\Latifa\Documents\embarqueetp0\EWARM\embarqueetp0\Obj\stm32l4xx_hal_uart.o
#        C:\Users\Latifa\Documents\embarqueetp0\EWARM\embarqueetp0\Obj\stm32l4xx_hal_uart_ex.o
#        C:\Users\Latifa\Documents\embarqueetp0\EWARM\embarqueetp0\Obj\stm32l4xx_it.o
#        C:\Users\Latifa\Documents\embarqueetp0\EWARM\embarqueetp0\Obj\stm32l4xx_ll_usb.o
#        C:\Users\Latifa\Documents\embarqueetp0\EWARM\embarqueetp0\Obj\system_stm32l4xx.o
#        --redirect _Printf=_PrintfFull --redirect _Scanf=_ScanfFull
#        --no_out_extension -o
#        C:\Users\Latifa\Documents\embarqueetp0\EWARM\embarqueetp0\Exe\embarqueetp0.out
#        --map
#        C:\Users\Latifa\Documents\embarqueetp0\EWARM\embarqueetp0\List\embarqueetp0.map
#        --config
#        C:\Users\Latifa\Documents\embarqueetp0\EWARM/stm32l475xx_flash.icf
#        --semihosting --entry __iar_program_start --vfe --text_out locale)
#
###############################################################################

*******************************************************************************
*** MESSAGES
***

Error[Li005]: no definition for "HAL_TIM_Base_Init" [referenced from
          C:\Users\Latifa\Documents\embarqueetp0\EWARM\embarqueetp0\Obj\main.o]
Error[Li005]: no definition for "HAL_TIMEx_MasterConfigSynchronization"
          [referenced from
          C:\Users\Latifa\Documents\embarqueetp0\EWARM\embarqueetp0\Obj\main.o]


*******************************************************************************
*** RUNTIME MODEL ATTRIBUTES
***

CppFlavor       = *
__SystemLibrary = DLib
__dlib_version  = 6


*******************************************************************************
*** HEAP SELECTION
***

The basic heap was selected because no calls to memory allocation
functions were found in the application outside of system library
functions, and there are calls to deallocation functions in the
application.


*******************************************************************************
*** PLACEMENT SUMMARY
***

"A0":  place at address 0x800'0000 { ro section .intvec };
"P1":  place in [from 0x800'0000 to 0x80f'ffff] { ro };
define block CSTACK with size = 1K, alignment = 8 { };
define block HEAP with size = 512, alignment = 8 { };
"P2":  place in [from 0x2000'0000 to 0x2001'7fff] {
          rw, block CSTACK, block HEAP };
"P3":  place in [from 0x2000'0000 to 0x2001'7fff] { };
initialize by copy { rw };

  Section            Kind         Address    Size  Object
  -------            ----         -------    ----  ------
"A0":                                       0x188
  .intvec            ro code   0x800'0000   0x188  startup_stm32l475xx.o [1]
                             - 0x800'0188   0x188

"P1":                                      0x2990
  .text              ro code   0x800'0188   0x6d0  stm32l4xx_hal_rcc.o [1]
  .text              ro code   0x800'0858    0x44  stm32l4xx_hal.o [1]
  .text              ro code   0x800'089c     0xc  stm32l4xx_hal.o [1]
  .text              ro code   0x800'08a8    0x98  stm32l4xx_hal_pwr_ex.o [1]
  .text              ro code   0x800'0940    0xc4  stm32l4xx_hal_cortex.o [1]
  .text              ro code   0x800'0a04   0x550  stm32l4xx_hal_rcc_ex.o [1]
  .text              ro code   0x800'0f54   0x4e2  main.o [1]
  .text              ro code   0x800'1436    0x3a  zero_init3.o [4]
  .text              ro code   0x800'1470    0x1e  stm32l4xx_hal.o [1]
  .text              ro code   0x800'148e    0x2e  copy_init3.o [4]
  .text              ro code   0x800'14bc   0x21a  stm32l4xx_hal_gpio.o [1]
  .text              ro code   0x800'16d8   0x160  stm32l4xx_hal_dfsdm.o [1]
  .text              ro code   0x800'1838    0xb0  stm32l4xx_hal_i2c.o [1]
  .text              ro code   0x800'18e8    0x7e  stm32l4xx_hal_i2c_ex.o [1]
  .text              ro code   0x800'1968    0xf6  stm32l4xx_hal_qspi.o [1]
  .text              ro code   0x800'1a60    0xae  stm32l4xx_hal_spi.o [1]
  .text              ro code   0x800'1b10    0xdc  stm32l4xx_hal_pcd.o [1]
  .text              ro code   0x800'1bec    0x28  stm32l4xx_hal.o [1]
  .text              ro code   0x800'1c14   0x4ba  stm32l4xx_hal_uart.o [1]
  .text              ro code   0x800'20ce    0x14  memset.o [4]
  .text              ro code   0x800'20e4    0x10  stm32l4xx_hal_pwr.o [1]
  .text              ro code   0x800'20f4   0x2e4  stm32l4xx_hal_msp.o [1]
  .text              ro code   0x800'23d8   0x26c  stm32l4xx_ll_usb.o [1]
  .text              ro code   0x800'2644    0x26  stm32l4xx_hal_pcd_ex.o [1]
  .text              ro code   0x800'266c    0x18  ABImemcpy_small.o [4]
  .text              ro code   0x800'2684   0x106  I64DivMod_small.o [4]
  .text              ro code   0x800'278c    0x66  ABImemset.o [4]
  .text              ro code   0x800'27f4     0x2  I64DivZer.o [4]
  .text              ro code   0x800'27f6    0x62  stm32l4xx_it.o [1]
  .text              ro code   0x800'2858    0x10  stm32l4xx_hal.o [1]
  .text              ro code   0x800'2868    0x5c  system_stm32l4xx.o [1]
  .rodata            const     0x800'28c4    0x30  system_stm32l4xx.o [1]
  .text              ro code   0x800'28f4    0x28  data_init.o [4]
  .text              ro code   0x800'291c    0x22  fpinit_M.o [3]
  .iar.init_table    const     0x800'2940    0x24  - Linker created -
  .text              ro code   0x800'2964    0x1e  cmain.o [4]
  .text              ro code   0x800'2982     0x4  low_level_init.o [2]
  .text              ro code   0x800'2986     0x4  exit.o [2]
  .text              ro code   0x800'298c     0xa  cexit.o [4]
  .text              ro code   0x800'2998    0x14  exit.o [5]
  .text              ro code   0x800'29ac    0x10  startup_stm32l475xx.o [1]
  Initializer bytes  const     0x800'29bc    0x10  <for P2-P3-1> (used: 0x0)
  .text              ro code   0x800'29cc     0xc  cstartup_M.o [4]
  .rodata            const     0x800'29d8     0x8  system_stm32l4xx.o [1]
  .text              ro code   0x800'29e0     0x4  startup_stm32l475xx.o [1]
  .text              ro code   0x800'29e4     0x4  startup_stm32l475xx.o [1]
  .text              ro code   0x800'29e8     0x4  startup_stm32l475xx.o [1]
  .text              ro code   0x800'29ec     0x4  startup_stm32l475xx.o [1]
  .text              ro code   0x800'29f0     0x4  startup_stm32l475xx.o [1]
  .text              ro code   0x800'29f4     0x4  startup_stm32l475xx.o [1]
  .text              ro code   0x800'29f8     0x4  startup_stm32l475xx.o [1]
  .text              ro code   0x800'29fc     0x4  startup_stm32l475xx.o [1]
  .text              ro code   0x800'2a00     0x4  startup_stm32l475xx.o [1]
  .text              ro code   0x800'2a04     0x4  startup_stm32l475xx.o [1]
  .text              ro code   0x800'2a08     0x4  startup_stm32l475xx.o [1]
  .text              ro code   0x800'2a0c     0x4  startup_stm32l475xx.o [1]
  .text              ro code   0x800'2a10     0x4  startup_stm32l475xx.o [1]
  .text              ro code   0x800'2a14     0x4  startup_stm32l475xx.o [1]
  .text              ro code   0x800'2a18     0x4  startup_stm32l475xx.o [1]
  .text              ro code   0x800'2a1c     0x4  startup_stm32l475xx.o [1]
  .text              ro code   0x800'2a20     0x4  startup_stm32l475xx.o [1]
  .text              ro code   0x800'2a24     0x4  startup_stm32l475xx.o [1]
  .text              ro code   0x800'2a28     0x4  startup_stm32l475xx.o [1]
  .text              ro code   0x800'2a2c     0x4  startup_stm32l475xx.o [1]
  .text              ro code   0x800'2a30     0x4  startup_stm32l475xx.o [1]
  .text              ro code   0x800'2a34     0x4  startup_stm32l475xx.o [1]
  .text              ro code   0x800'2a38     0x4  startup_stm32l475xx.o [1]
  .text              ro code   0x800'2a3c     0x4  startup_stm32l475xx.o [1]
  .text              ro code   0x800'2a40     0x4  startup_stm32l475xx.o [1]
  .text              ro code   0x800'2a44     0x4  startup_stm32l475xx.o [1]
  .text              ro code   0x800'2a48     0x4  startup_stm32l475xx.o [1]
  .text              ro code   0x800'2a4c     0x4  startup_stm32l475xx.o [1]
  .text              ro code   0x800'2a50     0x4  startup_stm32l475xx.o [1]
  .text              ro code   0x800'2a54     0x4  startup_stm32l475xx.o [1]
  .text              ro code   0x800'2a58     0x4  startup_stm32l475xx.o [1]
  .text              ro code   0x800'2a5c     0x4  startup_stm32l475xx.o [1]
  .text              ro code   0x800'2a60     0x4  startup_stm32l475xx.o [1]
  .text              ro code   0x800'2a64     0x4  startup_stm32l475xx.o [1]
  .text              ro code   0x800'2a68     0x4  startup_stm32l475xx.o [1]
  .text              ro code   0x800'2a6c     0x4  startup_stm32l475xx.o [1]
  .text              ro code   0x800'2a70     0x4  startup_stm32l475xx.o [1]
  .text              ro code   0x800'2a74     0x4  startup_stm32l475xx.o [1]
  .text              ro code   0x800'2a78     0x4  startup_stm32l475xx.o [1]
  .text              ro code   0x800'2a7c     0x4  startup_stm32l475xx.o [1]
  .text              ro code   0x800'2a80     0x4  startup_stm32l475xx.o [1]
  .text              ro code   0x800'2a84     0x4  startup_stm32l475xx.o [1]
  .text              ro code   0x800'2a88     0x4  startup_stm32l475xx.o [1]
  .text              ro code   0x800'2a8c     0x4  startup_stm32l475xx.o [1]
  .text              ro code   0x800'2a90     0x4  startup_stm32l475xx.o [1]
  .text              ro code   0x800'2a94     0x4  startup_stm32l475xx.o [1]
  .text              ro code   0x800'2a98     0x4  startup_stm32l475xx.o [1]
  .text              ro code   0x800'2a9c     0x4  startup_stm32l475xx.o [1]
  .text              ro code   0x800'2aa0     0x4  startup_stm32l475xx.o [1]
  .text              ro code   0x800'2aa4     0x4  startup_stm32l475xx.o [1]
  .text              ro code   0x800'2aa8     0x4  startup_stm32l475xx.o [1]
  .text              ro code   0x800'2aac     0x4  startup_stm32l475xx.o [1]
  .text              ro code   0x800'2ab0     0x4  startup_stm32l475xx.o [1]
  .text              ro code   0x800'2ab4     0x4  startup_stm32l475xx.o [1]
  .text              ro code   0x800'2ab8     0x4  startup_stm32l475xx.o [1]
  .text              ro code   0x800'2abc     0x4  startup_stm32l475xx.o [1]
  .text              ro code   0x800'2ac0     0x4  startup_stm32l475xx.o [1]
  .text              ro code   0x800'2ac4     0x4  startup_stm32l475xx.o [1]
  .text              ro code   0x800'2ac8     0x4  startup_stm32l475xx.o [1]
  .text              ro code   0x800'2acc     0x4  startup_stm32l475xx.o [1]
  .text              ro code   0x800'2ad0     0x4  startup_stm32l475xx.o [1]
  .text              ro code   0x800'2ad4     0x4  startup_stm32l475xx.o [1]
  .text              ro code   0x800'2ad8     0x4  startup_stm32l475xx.o [1]
  .text              ro code   0x800'2adc     0x4  startup_stm32l475xx.o [1]
  .text              ro code   0x800'2ae0     0x4  startup_stm32l475xx.o [1]
  .text              ro code   0x800'2ae4     0x4  startup_stm32l475xx.o [1]
  .text              ro code   0x800'2ae8     0x4  startup_stm32l475xx.o [1]
  .text              ro code   0x800'2aec     0x4  startup_stm32l475xx.o [1]
  .text              ro code   0x800'2af0     0x4  startup_stm32l475xx.o [1]
  .text              ro code   0x800'2af4     0x4  startup_stm32l475xx.o [1]
  .text              ro code   0x800'2af8     0x4  startup_stm32l475xx.o [1]
  .text              ro code   0x800'2afc     0x4  startup_stm32l475xx.o [1]
  .text              ro code   0x800'2b00     0x4  startup_stm32l475xx.o [1]
  .text              ro code   0x800'2b04     0x4  startup_stm32l475xx.o [1]
  .text              ro code   0x800'2b08     0x4  startup_stm32l475xx.o [1]
  .text              ro code   0x800'2b0c     0x4  startup_stm32l475xx.o [1]
  .text              ro code   0x800'2b10     0x4  startup_stm32l475xx.o [1]
  .text              ro code   0x800'2b14     0x4  startup_stm32l475xx.o [1]
  .rodata            const     0x800'2b18     0x0  zero_init3.o [4]
  .rodata            const     0x800'2b18     0x0  copy_init3.o [4]
                             - 0x800'2b18  0x2990

"P2-P3", part 1 of 3:                        0x10
  P2-P3-1                     0x2000'0000    0x10  <Init block>
    .data            inited   0x2000'0000     0xc  stm32l4xx_hal.o [1]
    .data            inited   0x2000'000c     0x4  system_stm32l4xx.o [1]
                            - 0x2000'0010    0x10

"P2-P3", part 2 of 3:                       0x69c
  .bss               zero     0x2000'0010   0x674  main.o [1]
  .bss               zero     0x2000'0684    0x24  stm32l4xx_hal_dfsdm.o [1]
  .bss               zero     0x2000'06a8     0x4  stm32l4xx_hal_msp.o [1]
                            - 0x2000'06ac   0x69c

"P2-P3", part 3 of 3:                       0x400
  CSTACK                      0x2000'06b0   0x400  <Block>
    CSTACK           uninit   0x2000'06b0   0x400  <Block tail>
                            - 0x2000'0ab0   0x400

Unused ranges:

         From           To      Size
         ----           --      ----
   0x800'2b18   0x80f'ffff  0xf'd4e8
  0x2000'06ac  0x2000'06af       0x4
  0x2000'0ab0  0x2001'7fff  0x1'7550


*******************************************************************************
*** INIT TABLE
***

          Address      Size
          -------      ----
Zero (__iar_zero_init3)
    1 destination range, total size 0x69c:
          0x2000'0010  0x69c

Copy (__iar_copy_init3)
    1 source range, total size 0x10:
           0x800'29bc   0x10
    1 destination range, total size 0x10:
          0x2000'0000   0x10



*******************************************************************************
*** MODULE SUMMARY
***

    Module                  ro code  ro data  rw data
    ------                  -------  -------  -------
command line/config:
    -------------------------------------------------
    Total:

C:\Users\Latifa\Documents\embarqueetp0\EWARM\embarqueetp0\Obj: [1]
    main.o                    1'250             1'652
    startup_stm32l475xx.o       720
    stm32l4xx_hal.o             166       12       12
    stm32l4xx_hal_cortex.o      196
    stm32l4xx_hal_dfsdm.o       352                36
    stm32l4xx_hal_gpio.o        538
    stm32l4xx_hal_i2c.o         176
    stm32l4xx_hal_i2c_ex.o      126
    stm32l4xx_hal_msp.o         740                 4
    stm32l4xx_hal_pcd.o         220
    stm32l4xx_hal_pcd_ex.o       38
    stm32l4xx_hal_pwr.o          16
    stm32l4xx_hal_pwr_ex.o      152
    stm32l4xx_hal_qspi.o        246
    stm32l4xx_hal_rcc.o       1'744
    stm32l4xx_hal_rcc_ex.o    1'360
    stm32l4xx_hal_spi.o         174
    stm32l4xx_hal_uart.o      1'210
    stm32l4xx_it.o               98
    stm32l4xx_ll_usb.o          620
    system_stm32l4xx.o           92       60        4
    -------------------------------------------------
    Total:                   10'234       72    1'708

dl7M_tln.a: [2]
    exit.o                        4
    low_level_init.o              4
    -------------------------------------------------
    Total:                        8

m7M_tls.a: [3]
    fpinit_M.o                   34
    -------------------------------------------------
    Total:                       34

rt7M_tl.a: [4]
    ABImemcpy_small.o            24
    ABImemset.o                 102
    I64DivMod_small.o           262
    I64DivZer.o                   2
    cexit.o                      10
    cmain.o                      30
    copy_init3.o                 46
    cstartup_M.o                 12
    data_init.o                  40
    memset.o                     20
    zero_init3.o                 58
    -------------------------------------------------
    Total:                      606

shb_l.a: [5]
    exit.o                       20
    -------------------------------------------------
    Total:                       20

    Gaps                         20        2
    Linker created                        36    1'024
-----------------------------------------------------
    Grand Total:             10'922      110    2'732


*******************************************************************************
*** ENTRY LIST
***

Entry                       Address   Size  Type      Object
-----                       -------   ----  ----      ------
.iar.init_table$$Base    0x800'2940          --   Gb  - Linker created -
.iar.init_table$$Limit   0x800'2964          --   Gb  - Linker created -
?main                    0x800'2965         Code  Gb  cmain.o [4]
AHBPrescTable            0x800'28b4   0x10  Data  Gb  system_stm32l4xx.o [1]
APBPrescTable            0x800'29d8    0x8  Data  Gb  system_stm32l4xx.o [1]
BusFault_Handler         0x800'27fd    0x2  Code  Gb  stm32l4xx_it.o [1]
CSTACK$$Base            0x2000'06b0          --   Gb  - Linker created -
CSTACK$$Limit           0x2000'0ab0          --   Gb  - Linker created -
DFSDM1_Init             0x2000'06a8    0x4  Data  Lc  stm32l4xx_hal_msp.o [1]
DFSDM_GetChannelFromInstance
                         0x800'17c1   0x50  Code  Lc  stm32l4xx_hal_dfsdm.o [1]
DebugMon_Handler         0x800'2803    0x2  Code  Gb  stm32l4xx_it.o [1]
EXTI15_10_IRQHandler     0x800'282b   0x2e  Code  Gb  stm32l4xx_it.o [1]
EXTI9_5_IRQHandler       0x800'280b   0x20  Code  Gb  stm32l4xx_it.o [1]
HAL_DFSDM_ChannelInit    0x800'16d9   0xd8  Code  Gb  stm32l4xx_hal_dfsdm.o [1]
HAL_DFSDM_ChannelMspInit
                         0x800'2123   0x3e  Code  Gb  stm32l4xx_hal_msp.o [1]
HAL_Delay                0x800'1bed   0x28  Code  Wk  stm32l4xx_hal.o [1]
HAL_GPIO_EXTI_IRQHandler
                         0x800'1699   0x10  Code  Gb  stm32l4xx_hal_gpio.o [1]
HAL_GPIO_Init            0x800'14bd  0x1c4  Code  Gb  stm32l4xx_hal_gpio.o [1]
HAL_GPIO_TogglePin       0x800'168b    0xe  Code  Gb  stm32l4xx_hal_gpio.o [1]
HAL_GPIO_WritePin        0x800'1681    0xa  Code  Gb  stm32l4xx_hal_gpio.o [1]
HAL_GetTick              0x800'089d    0xc  Code  Wk  stm32l4xx_hal.o [1]
HAL_I2CEx_ConfigAnalogFilter
                         0x800'18e9   0x2a  Code  Gb  stm32l4xx_hal_i2c_ex.o [1]
HAL_I2CEx_ConfigDigitalFilter
                         0x800'1913   0x26  Code  Gb  stm32l4xx_hal_i2c_ex.o [1]
HAL_I2C_Init             0x800'1839   0xa0  Code  Gb  stm32l4xx_hal_i2c.o [1]
HAL_I2C_MspInit          0x800'2161   0x52  Code  Gb  stm32l4xx_hal_msp.o [1]
HAL_IncTick              0x800'2859   0x10  Code  Wk  stm32l4xx_hal.o [1]
HAL_Init                 0x800'1471   0x1e  Code  Gb  stm32l4xx_hal.o [1]
HAL_InitTick             0x800'0859   0x44  Code  Wk  stm32l4xx_hal.o [1]
HAL_MspInit              0x800'20f5   0x2e  Code  Gb  stm32l4xx_hal_msp.o [1]
HAL_NVIC_EnableIRQ       0x800'09af   0x16  Code  Gb  stm32l4xx_hal_cortex.o [1]
HAL_NVIC_SetPriority     0x800'0975   0x3a  Code  Gb  stm32l4xx_hal_cortex.o [1]
HAL_NVIC_SetPriorityGrouping
                         0x800'095b   0x1a  Code  Gb  stm32l4xx_hal_cortex.o [1]
HAL_PCDEx_ActivateLPM    0x800'2645   0x26  Code  Gb  stm32l4xx_hal_pcd_ex.o [1]
HAL_PCD_Init             0x800'1b11   0xc4  Code  Gb  stm32l4xx_hal_pcd.o [1]
HAL_PCD_MspInit          0x800'230b   0x88  Code  Gb  stm32l4xx_hal_msp.o [1]
HAL_PWREx_ControlVoltageScaling
                         0x800'08b5   0x5c  Code  Gb  stm32l4xx_hal_pwr_ex.o [1]
HAL_PWREx_EnableVddUSB   0x800'0911    0x6  Code  Gb  stm32l4xx_hal_pwr_ex.o [1]
HAL_PWREx_GetVoltageRange
                         0x800'08a9    0xc  Code  Gb  stm32l4xx_hal_pwr_ex.o [1]
HAL_PWR_EnableBkUpAccess
                         0x800'20e5    0xc  Code  Gb  stm32l4xx_hal_pwr.o [1]
HAL_QSPI_Init            0x800'1969   0x96  Code  Gb  stm32l4xx_hal_qspi.o [1]
HAL_QSPI_MspInit         0x800'21b3   0x38  Code  Gb  stm32l4xx_hal_msp.o [1]
HAL_RCCEx_EnableMSIPLLMode
                         0x800'0d3d    0xc  Code  Gb  stm32l4xx_hal_rcc_ex.o [1]
HAL_RCCEx_PeriphCLKConfig
                         0x800'0a05  0x31e  Code  Gb  stm32l4xx_hal_rcc_ex.o [1]
HAL_RCC_ClockConfig      0x800'05d5  0x100  Code  Gb  stm32l4xx_hal_rcc.o [1]
HAL_RCC_GetPCLK1Freq     0x800'077b   0x10  Code  Gb  stm32l4xx_hal_rcc.o [1]
HAL_RCC_GetPCLK2Freq     0x800'078b    0xe  Code  Gb  stm32l4xx_hal_rcc.o [1]
HAL_RCC_GetSysClockFreq
                         0x800'06e9   0x92  Code  Gb  stm32l4xx_hal_rcc.o [1]
HAL_RCC_OscConfig        0x800'0189  0x428  Code  Gb  stm32l4xx_hal_rcc.o [1]
HAL_SPI_Init             0x800'1a61   0xa2  Code  Gb  stm32l4xx_hal_spi.o [1]
HAL_SPI_MspInit          0x800'2227   0x52  Code  Gb  stm32l4xx_hal_msp.o [1]
HAL_SYSTICK_Config       0x800'09c5   0x28  Code  Gb  stm32l4xx_hal_cortex.o [1]
HAL_UART_Init            0x800'1c15   0x30  Code  Gb  stm32l4xx_hal_uart.o [1]
HAL_UART_MspInit         0x800'2279   0x92  Code  Gb  stm32l4xx_hal_msp.o [1]
HardFault_Handler        0x800'27f9    0x2  Code  Gb  stm32l4xx_it.o [1]
MSIRangeTable            0x800'28c4   0x30  Data  Gb  system_stm32l4xx.o [1]
MemManage_Handler        0x800'27fb    0x2  Code  Gb  stm32l4xx_it.o [1]
NMI_Handler              0x800'27f7    0x2  Code  Gb  stm32l4xx_it.o [1]
PendSV_Handler           0x800'2805    0x2  Code  Gb  stm32l4xx_it.o [1]
QSPI_WaitFlagStateUntilTimeout
                         0x800'1a15   0x4a  Code  Lc  stm32l4xx_hal_qspi.o [1]
RCCEx_PLLSAI1_Config     0x800'0d49   0xe6  Code  Lc  stm32l4xx_hal_rcc_ex.o [1]
RCCEx_PLLSAI2_Config     0x800'0e35   0xce  Code  Lc  stm32l4xx_hal_rcc_ex.o [1]
RCC_SetFlashLatencyFromMSIRange
                         0x800'07a3   0x74  Code  Lc  stm32l4xx_hal_rcc.o [1]
Region$$Table$$Base      0x800'2940          --   Gb  - Linker created -
Region$$Table$$Limit     0x800'2964          --   Gb  - Linker created -
SVC_Handler              0x800'2801    0x2  Code  Gb  stm32l4xx_it.o [1]
SysTick_Handler          0x800'2807    0x4  Code  Gb  stm32l4xx_it.o [1]
SystemClock_Config       0x800'1331   0xb2  Code  Gb  main.o [1]
SystemCoreClock         0x2000'000c    0x4  Data  Gb  system_stm32l4xx.o [1]
SystemInit               0x800'2869   0x3c  Code  Gb  system_stm32l4xx.o [1]
UART_AdvFeatureConfig    0x800'1f49   0xc6  Code  Gb  stm32l4xx_hal_uart.o [1]
UART_CheckIdleState      0x800'200f   0x5a  Code  Gb  stm32l4xx_hal_uart.o [1]
UART_SetConfig           0x800'1c95  0x276  Code  Gb  stm32l4xx_hal_uart.o [1]
UART_WaitOnFlagUntilTimeout
                         0x800'2069   0x5a  Code  Gb  stm32l4xx_hal_uart.o [1]
USB_CoreInit             0x800'23d9   0x62  Code  Gb  stm32l4xx_ll_usb.o [1]
USB_CoreReset            0x800'260f   0x2a  Code  Lc  stm32l4xx_ll_usb.o [1]
USB_DevDisconnect        0x800'25f7    0xc  Code  Gb  stm32l4xx_ll_usb.o [1]
USB_DevInit              0x800'246f  0x140  Code  Gb  stm32l4xx_ll_usb.o [1]
USB_DisableGlobalInt     0x800'243b    0x6  Code  Gb  stm32l4xx_ll_usb.o [1]
USB_FlushRxFifo          0x800'25cd   0x1a  Code  Gb  stm32l4xx_ll_usb.o [1]
USB_FlushTxFifo          0x800'25af   0x1e  Code  Gb  stm32l4xx_ll_usb.o [1]
USB_SetCurrentMode       0x800'2447   0x28  Code  Gb  stm32l4xx_ll_usb.o [1]
USB_SetDevSpeed          0x800'25e7    0xa  Code  Gb  stm32l4xx_ll_usb.o [1]
UsageFault_Handler       0x800'27ff    0x2  Code  Gb  stm32l4xx_it.o [1]
__NVIC_SetPriority       0x800'0941   0x1a  Code  Lc  stm32l4xx_hal_cortex.o [1]
__aeabi_ldiv0            0x800'27f5         Code  Gb  I64DivZer.o [4]
__aeabi_memset           0x800'278d         Code  Gb  ABImemset.o [4]
__cmain                  0x800'2965         Code  Gb  cmain.o [4]
__exit                   0x800'2999   0x14  Code  Gb  exit.o [5]
__iar_Memset             0x800'278d         Code  Gb  ABImemset.o [4]
__iar_Memset_word        0x800'2795         Code  Gb  ABImemset.o [4]
__iar_copy_init3         0x800'148f   0x2e  Code  Gb  copy_init3.o [4]
__iar_data_init3         0x800'28f5   0x28  Code  Gb  data_init.o [4]
__iar_init_vfp           0x800'291d         Code  Gb  fpinit_M.o [3]
__iar_program_start      0x800'29cd         Code  Gb  cstartup_M.o [4]
__iar_small_Memcpy       0x800'2671         Code  Gb  ABImemcpy_small.o [4]
__iar_small_memcpy       0x800'266d         Code  Gb  ABImemcpy_small.o [4]
__iar_small_memcpy4      0x800'266d         Code  Gb  ABImemcpy_small.o [4]
__iar_small_memcpy8      0x800'266d         Code  Gb  ABImemcpy_small.o [4]
__iar_small_uldivmod     0x800'2685         Code  Gb  I64DivMod_small.o [4]
__iar_zero_init3         0x800'1437   0x3a  Code  Gb  zero_init3.o [4]
__low_level_init         0x800'2983    0x4  Code  Gb  low_level_init.o [2]
__vector_table           0x800'0000         Data  Gb  startup_stm32l475xx.o [1]
_call_main               0x800'2971         Code  Gb  cmain.o [4]
_exit                    0x800'298d         Code  Gb  cexit.o [4]
_main                    0x800'297f         Code  Gb  cmain.o [4]
a_dfsdm1ChannelHandle   0x2000'0688   0x20  Data  Lc  stm32l4xx_hal_dfsdm.o [1]
exit                     0x800'2987    0x4  Code  Gb  exit.o [2]
hdfsdm1_channel1        0x2000'0010   0x38  Data  Gb  main.o [1]
hi2c2                   0x2000'05b4   0x4c  Data  Gb  main.o [1]
hpcd_USB_OTG_FS         0x2000'00ac  0x408  Data  Gb  main.o [1]
hqspi                   0x2000'0600   0x44  Data  Gb  main.o [1]
hspi3                   0x2000'0048   0x64  Data  Gb  main.o [1]
htim6                   0x2000'0644   0x40  Data  Gb  main.o [1]
huart1                  0x2000'04b4   0x80  Data  Gb  main.o [1]
huart3                  0x2000'0534   0x80  Data  Gb  main.o [1]
main                     0x800'0f55  0x36c  Code  Gb  main.o [1]
memset                   0x800'20cf   0x14  Code  Gb  memset.o [4]
uwTick                  0x2000'0000    0x4  Data  Gb  stm32l4xx_hal.o [1]
uwTickFreq              0x2000'0008    0x4  Data  Gb  stm32l4xx_hal.o [1]
uwTickPrio              0x2000'0004    0x4  Data  Gb  stm32l4xx_hal.o [1]
v_dfsdm1ChannelCounter  0x2000'0684    0x4  Data  Lc  stm32l4xx_hal_dfsdm.o [1]


[1] = C:\Users\Latifa\Documents\embarqueetp0\EWARM\embarqueetp0\Obj
[2] = dl7M_tln.a
[3] = m7M_tls.a
[4] = rt7M_tl.a
[5] = shb_l.a

  10'922 bytes of readonly  code memory
     110 bytes of readonly  data memory
   2'732 bytes of readwrite data memory

Errors: 2
Warnings: none
